[sofiyansaboor.wixsite.com/excellence.html]
[static.parastorage.com/unpkg/core-js-bundle@3.2.1/minified.js]
[static.parastorage.com/unpkg/focus-within-polyfill@5.0.9/dist/focus-within-polyfill.js]
[backblue.gif]
[fade.gif]
[index.html]
[polyfill.io/v3/polyfill.mind82c.js]
[browser.sentry-cdn.com/6.18.2/bundle.min.js]
[sofiyansaboor.wixsite.com/decodeURIComponent(e]
[sofiyansaboor.wixsite.com/sitemap.xml]
[sofiyansaboor.wixsite.com/feed.xml]
[static.parastorage.com/services/wix-thunderbolt/dist/bootstrap-features.80f72f6f.bundle.min.js]
[static.parastorage.com/services/wix-thunderbolt/dist/main.835b79f0.bundle.min.js]
[static.parastorage.com/unpkg/lodash@4.17.21/lodash.min.js]
[static.parastorage.com/unpkg/react@16.13.1/umd/react.production.min.js]
[static.parastorage.com/services/tag-manager-client/1.427.0/siteTags.bundle.min.js]
[static.parastorage.com/services/wix-perf-measure/1.728.0/wix-perf-measure.bundle.min.js]
[static.parastorage.com/unpkg/react-dom@16.13.1/umd/react-dom.production.min.js]
[sofiyansaboor.wixsite.com/16e44c05.min.css]
[sofiyansaboor.wixsite.com/index.html]
[sofiyansaboor.wixsite.com/version/index.html]
[sofiyansaboor.wixsite.com/b604fd33.min.10.delayed]
[sofiyansaboor.wixsite.com/7c602eb2.min.css]
[sofiyansaboor.wixsite.com/5b26625f.min.css]
[sofiyansaboor.wixsite.com/34b72cf9.min.css]
[sofiyansaboor.wixsite.com/eb6d72f5.chunk.min.js]
[sofiyansaboor.wixsite.com/57dff8a2.chunk.min.js]
[sofiyansaboor.wixsite.com/rb_wixui.thunderbolt_bootstrap.1e1f34f1.chunk.min.js]
[sofiyansaboor.wixsite.com/rb_wixui.thunderbolt_bootstrap-classic.89bdd4d4.chunk.min.css]
[sofiyansaboor.wixsite.com/rb_wixui.thunderbolt_bootstrap-classic.eb6d72f5.chunk.min.js]
[sofiyansaboor.wixsite.com/rb_wixui.thunderbolt_bootstrap-responsive.a66c1914.chunk.min.css]
[sofiyansaboor.wixsite.com/rb_wixui.thunderbolt_bootstrap-responsive.57dff8a2.chunk.min.js]
[sofiyansaboor.wixsite.com/rb_wixui.thunderbolt_common-site-members-dialogs.e6a271c3.chunk.min.css]
[sofiyansaboor.wixsite.com/rb_wixui.thunderbolt_common-site-members-dialogs.11ecf12c.chunk.min.js]
[static.wixstatic.com/media/129f0a_d4efbb96778f4097866611948f5cb62d_mv2.png/v1/fill/w_122,h_76,al_c,usm_0.66_1.00_0.01,blur_3,enc_auto/egs.png]
[sofiyansaboor.wixsite.com/excellence/about-us.html]
[sofiyansaboor.wixsite.com/excellence/shop.html]
[static.wixstatic.com/media/129f0a_dbdf45e8a91b48518fc5ba7cc7c3f01e_mv2.png/v1/fill/w_177,h_108,al_c,usm_0.66_1.00_0.01,blur_2,enc_auto/my card EGS.png]
[static.wixstatic.com/media/23fd2a2be53141ed810f4d3dcdcd01fa.png/v1/fill/w_35,h_35,al_c,usm_0.66_1.00_0.01,blur_3,enc_auto/23fd2a2be53141ed810f4d3dcdcd01fa.png]
[static.wixstatic.com/media/129f0a_971b038759c147578500a7887f71cc28_mv2.png/v1/fill/w_50,h_51,al_c,usm_0.66_1.00_0.01,blur_3,enc_auto/qommrd5o.png]
[static.wixstatic.com/media/129f0a_cca1df86f3034ad6997a3cc44bfb09e4_mv2.jpe/v1/fill/w_141,h_106,al_c,q_80,usm_0.66_1.00_0.01,blur_2/WhatsApp Image 2019-02-27 at 10_55_50_jp.21]
[static.parastorage.com/services/pro-gallery-santa-wrapper/1.2488.0/staticCss.min.css]
[static.wixstatic.com/media/129f0a_90aecb93d8544139a28166092f4e7d16_mv2.jpeg/v1/fill/w_315,h_314,q_90/129f0a_90aecb93d8544139a28166092f4e7d16_mv2.jpg]
[static.wixstatic.com/media/129f0a_e8633c49f80d46a8976a8b01384ee9d7_mv2.jpeg/v1/fill/w_315,h_314,q_90/129f0a_e8633c49f80d46a8976a8b01384ee9d7_mv2.jpg]
[static.wixstatic.com/media/129f0a_583a8da8317f4de693865eeeab6a5667_mv2.jpeg/v1/fill/w_314,h_314,q_90/129f0a_583a8da8317f4de693865eeeab6a5667_mv2.jpg]
[static.wixstatic.com/media/129f0a_3bca77a563f84a88a0ea8ee430a226b2_mv2.jpeg/v1/fill/w_315,h_314,q_90/129f0a_3bca77a563f84a88a0ea8ee430a226b2_mv2.jpg]
[static.wixstatic.com/media/129f0a_87638050197d43cf9bc1890eef6d923a_mv2.jpeg/v1/fill/w_315,h_314,q_90/129f0a_87638050197d43cf9bc1890eef6d923a_mv2.jpg]
[static.wixstatic.com/media/129f0a_4be755f6f99a47538afef5dfaf90f7ff_mv2.jpeg/v1/fill/w_314,h_314,q_90/129f0a_4be755f6f99a47538afef5dfaf90f7ff_mv2.jpg]
[static.wixstatic.com/media/129f0a_d0ecdf190560446392328e657fc22866_mv2.jpeg/v1/fill/w_315,h_314,q_90/129f0a_d0ecdf190560446392328e657fc22866_mv2.jpg]
[static.wixstatic.com/media/129f0a_8fe57be0545449dabbceb2c616ef464a_mv2.jpeg/v1/fill/w_315,h_314,q_90/129f0a_8fe57be0545449dabbceb2c616ef464a_mv2.jpg]
[static.wixstatic.com/media/129f0a_54b2c6d2e2b74790a0130d02fc00d2d7_mv2.jpeg/v1/fill/w_314,h_314,q_90/129f0a_54b2c6d2e2b74790a0130d02fc00d2d7_mv2.jpg]
[static.wixstatic.com/media/129f0a_b6fb153a8a8c481a8b653dfc1df671c7_mv2.jpeg/v1/fill/w_315,h_314,q_90/129f0a_b6fb153a8a8c481a8b653dfc1df671c7_mv2.jpg]
[sofiyansaboor.wixsite.com/excellence/contact.html]
[static.wixstatic.com/media/129f0a_f9ab54c69c9242eebce9a5ccb5f5e9b9_mv2.jpeg/v1/fill/w_315,h_314,q_90/129f0a_f9ab54c69c9242eebce9a5ccb5f5e9b9_mv2.jpg]
[static.wixstatic.com/media/129f0a_557d83e586984fa79d08c1ca5bd945c1_mv2.jpeg/v1/fill/w_314,h_314,q_90/129f0a_557d83e586984fa79d08c1ca5bd945c1_mv2.jpg]
[static.wixstatic.com/media/129f0a_d72775422827400195f94ca6bf3d60f2_mv2.jpeg/v1/fill/w_315,h_314,q_90/129f0a_d72775422827400195f94ca6bf3d60f2_mv2.jpg]
[static.wixstatic.com/media/129f0a_b48d76641f9c483eb4428d88eac01917_mv2.jpeg/v1/fill/w_315,h_314,q_90/129f0a_b48d76641f9c483eb4428d88eac01917_mv2.jpg]
[static.wixstatic.com/media/129f0a_38b9d76f41d24c5f81d940ae6b72819e_mv2.jpg/v1/fill/w_314,h_314,q_90/129f0a_38b9d76f41d24c5f81d940ae6b72819e_mv2.jpg]
[static.wixstatic.com/media/129f0a_40f5947e15e547d1baa4217d99681750_mv2.png/v1/fill/w_185,h_98,al_c,usm_0.66_1.00_0.01,blur_2,enc_auto/35412-2.png]
[static.wixstatic.com/media/129f0a_eae3c5cebaed43fe9a7c093c54b8650f_mv2.jpeg/v1/fill/w_316,h_316,q_90/129f0a_eae3c5cebaed43fe9a7c093c54b8650f_mv2.jpg]
[static.wixstatic.com/media/129f0a_c663cc9a3d144a308c5d2347b19c9170_mv2.jpeg/v1/fill/w_317,h_316,q_90/129f0a_c663cc9a3d144a308c5d2347b19c9170_mv2.jpg]
[static.wixstatic.com/media/129f0a_203bfd53dc4642b195ea5d5b726612e7_mv2.jpeg/v1/fill/w_316,h_316,q_90/129f0a_203bfd53dc4642b195ea5d5b726612e7_mv2.jpg]
[static.wixstatic.com/media/129f0a_b759181fc220489cacda37fa4c2e9005_mv2.jpeg/v1/fill/w_316,h_316,q_90/129f0a_b759181fc220489cacda37fa4c2e9005_mv2.jpg]
[static.wixstatic.com/media/129f0a_63ff0344725d46c7936d9bfc3bccaba0_mv2.jpe/v1/fill/w_139,h_104,al_c,q_80,usm_0.66_1.00_0.01,blur_2/WhatsApp Image 2019-02-27 at 10_55_44_jp.36]
[static.wixstatic.com/media/129f0a_20ffbfc0e1014c9da7e79470ff1b122f_mv2.jpeg/v1/fill/w_317,h_316,q_90/129f0a_20ffbfc0e1014c9da7e79470ff1b122f_mv2.jpg]
[static.wixstatic.com/media/129f0a_40820521639c4a3cbbdbb826f0c4c2c8_mv2.jpeg/v1/fill/w_316,h_316,q_90/129f0a_40820521639c4a3cbbdbb826f0c4c2c8_mv2.jpg]
[static.wixstatic.com/media/129f0a_1d9d422316f74ec3b57a22f1e23135fe_mv2.jpeg/v1/fill/w_316,h_316,q_90/129f0a_1d9d422316f74ec3b57a22f1e23135fe_mv2.jpg]
[static.wixstatic.com/media/129f0a_ae71fb751fe6444dacfa9bbf46e2f00a_mv2.jpeg/v1/fill/w_317,h_316,q_90/129f0a_ae71fb751fe6444dacfa9bbf46e2f00a_mv2.jpg]
[static.wixstatic.com/media/129f0a_df3d7d3daf9141eaaa45ecf21fd4de4b_mv2.jpe/v1/fill/w_162,h_107,al_c,q_80,usm_0.66_1.00_0.01,blur_2/WhatsApp Image 2019-02-27 at 09_33_11_jp.37]
[static.wixstatic.com/media/129f0a_e51a37caed9b4de19752089c72c81093_mv2.jpeg/v1/fill/w_316,h_316,q_90/129f0a_e51a37caed9b4de19752089c72c81093_mv2.jpg]
[static.wixstatic.com/media/129f0a_15f97f86e9f844b08403e97653138b13_mv2.jpeg/v1/fill/w_275,h_183,q_90/129f0a_15f97f86e9f844b08403e97653138b13_mv2.jpg]
[static.wixstatic.com/media/129f0a_f1bb24c9fcc5461c88c02f798bb4769f_mv2.jpeg/v1/fill/w_317,h_316,q_90/129f0a_f1bb24c9fcc5461c88c02f798bb4769f_mv2.jpg]
[static.wixstatic.com/media/129f0a_856d15c57c1048f7acee333c7b2de194_mv2.jpeg/v1/fill/w_316,h_316,q_90/129f0a_856d15c57c1048f7acee333c7b2de194_mv2.jpg]
[static.wixstatic.com/media/129f0a_2af5af7d257d4ccbb2a025bd3ac3cf1b_mv2.jpeg/v1/fill/w_316,h_316,q_90/129f0a_2af5af7d257d4ccbb2a025bd3ac3cf1b_mv2.jpg]
[static.wixstatic.com/media/129f0a_337eea50131546348552078f3371564d_mv2.jpe/v1/fill/w_175,h_131,al_c,q_80,usm_0.66_1.00_0.01,blur_2/WhatsApp Image 2020-06-12 at 23_56_34_jp.38]
[static.wixstatic.com/media/129f0a_fbb2d6bafb644392a49321915354b29a_mv2.jpeg/v1/fill/w_317,h_316,q_90/129f0a_fbb2d6bafb644392a49321915354b29a_mv2.jpg]
[static.wixstatic.com/media/129f0a_790587c01c2948948de167d538ff665e_mv2.jpeg/v1/fill/w_316,h_316,q_90/129f0a_790587c01c2948948de167d538ff665e_mv2.jpg]
[static.wixstatic.com/media/129f0a_f848e33f35e74298825bc5456a1e6bedf003.jpg/v1/fill/w_316,h_316,q_90/129f0a_f848e33f35e74298825bc5456a1e6bedf003.jpg]
[static.wixstatic.com/media/129f0a_34a39854039942eeb7a066843d236bbcf003.jpg/v1/fill/w_317,h_316,q_90/129f0a_34a39854039942eeb7a066843d236bbcf003.jpg]
[static.wixstatic.com/media/23fd2a2be53141ed810f4d3dcdcd01fa.png/v1/fill/w_28,h_28,al_c,usm_0.66_1.00_0.01,blur_3,enc_auto/23fd2a2be53141ed810f4d3dcdcd01fa.png]
[static.wixstatic.com/media/23fd2a2be53141ed810f4d3dcdcd01fa.png/v1/fill/w_22,h_22,al_c,usm_0.66_1.00_0.01,blur_3,enc_auto/23fd2a2be53141ed810f4d3dcdcd01fa.png]
[sofiyansaboor.wixsite.com/excellence.html]
[sofiyansaboor.wixsite.com/decodeURIComponent(e.html]
[sofiyansaboor.wixsite.com/sitemap.html]
[sofiyansaboor.wixsite.com/feed.html]
[sofiyansaboor.wixsite.com/index.html]
[sofiyansaboor.wixsite.com/version/index.html]
[sofiyansaboor.wixsite.com/16e44c05.min.html]
[sofiyansaboor.wixsite.com/b604fd33.min.html]
[sofiyansaboor.wixsite.com/7c602eb2.min.html]
[sofiyansaboor.wixsite.com/5b26625f.min.html]
[sofiyansaboor.wixsite.com/34b72cf9.min.html]
[sofiyansaboor.wixsite.com/eb6d72f5.chunk.min.html]
[sofiyansaboor.wixsite.com/57dff8a2.chunk.min.html]
[sofiyansaboor.wixsite.com/rb_wixui.thunderbolt_bootstrap.1e1f34f1.chunk.min.html]
[sofiyansaboor.wixsite.com/rb_wixui.thunderbolt_bootstrap-classic.89bdd4d4.chunk.min.html]
[sofiyansaboor.wixsite.com/rb_wixui.thunderbolt_bootstrap-classic.eb6d72f5.chunk.min.html]
[sofiyansaboor.wixsite.com/rb_wixui.thunderbolt_bootstrap-responsive.a66c1914.chunk.min.html]
[sofiyansaboor.wixsite.com/rb_wixui.thunderbolt_bootstrap-responsive.57dff8a2.chunk.min.html]
[sofiyansaboor.wixsite.com/rb_wixui.thunderbolt_common-site-members-dialogs.e6a271c3.chunk.min.html]
[sofiyansaboor.wixsite.com/rb_wixui.thunderbolt_common-site-members-dialogs.11ecf12c.chunk.min.html]
[sofiyansaboor.wixsite.com/excellence/decodeURIComponent(e.4c.delayed]
[sofiyansaboor.wixsite.com/excellence/robots.txt]
[sofiyansaboor.wixsite.com/excellence/sitemap.xml]
[sofiyansaboor.wixsite.com/excellence/feed.xml]
[sofiyansaboor.wixsite.com/excellence/16e44c05.min.css]
[sofiyansaboor.wixsite.com/excellence/version/index.html]
[sofiyansaboor.wixsite.com/excellence/b604fd33.min.css]
[sofiyansaboor.wixsite.com/excellence/7c602eb2.min.css]
[sofiyansaboor.wixsite.com/excellence/5b26625f.min.css]
[sofiyansaboor.wixsite.com/excellence/34b72cf9.min.css]
[sofiyansaboor.wixsite.com/excellence/eb6d72f5.chunk.min.js]
[sofiyansaboor.wixsite.com/excellence/57dff8a2.chunk.min.js]
[sofiyansaboor.wixsite.com/excellence/rb_wixui.thunderbolt_bootstrap.1e1f34f1.chunk.min.js]
[sofiyansaboor.wixsite.com/excellence/rb_wixui.thunderbolt_bootstrap-classic.89bdd4d4.chunk.min.css]
[sofiyansaboor.wixsite.com/excellence/rb_wixui.thunderbolt_bootstrap-classic.eb6d72f5.chunk.min.js]
[sofiyansaboor.wixsite.com/excellence/rb_wixui.thunderbolt_bootstrap-responsive.a66c1914.chunk.min.css]
[sofiyansaboor.wixsite.com/excellence/rb_wixui.thunderbolt_bootstrap-responsive.57dff8a2.chunk.min.js]
[sofiyansaboor.wixsite.com/excellence/rb_wixui.thunderbolt_common-site-members-dialogs.e6a271c3.chunk.min.css]
[sofiyansaboor.wixsite.com/excellence/rb_wixui.thunderbolt_common-site-members-dialogs.11ecf12c.chunk.min.js]
[sofiyansaboor.wixsite.com/excellence/about-us.html]
[sofiyansaboor.wixsite.com/excellence/shop.html]
[static.parastorage.com/services/wix-code-platform/1.1097.2/elementory-browser-support.min.js]
[sofiyansaboor.wixsite.com/excellence/contact.html]
[static.parastorage.com/services/pro-gallery-santa-wrapper/1.2488.0/staticCss.min.css]
[sofiyansaboor.wixsite.com/excellence/decodeURIComponent(e.html]
[sofiyansaboor.wixsite.com/excellence/robots.html]
[sofiyansaboor.wixsite.com/excellence/feed.html]
[sofiyansaboor.wixsite.com/excellence/version/index.html]
[sofiyansaboor.wixsite.com/excellence/16e44c05.min.html]
[sofiyansaboor.wixsite.com/excellence/b604fd33.min.html]
[sofiyansaboor.wixsite.com/excellence/7c602eb2.min.html]
[sofiyansaboor.wixsite.com/excellence/5b26625f.min.html]
[sofiyansaboor.wixsite.com/excellence/34b72cf9.min.html]
[sofiyansaboor.wixsite.com/excellence/eb6d72f5.chunk.min.html]
[sofiyansaboor.wixsite.com/excellence/57dff8a2.chunk.min.html]
[sofiyansaboor.wixsite.com/excellence/rb_wixui.thunderbolt_bootstrap.1e1f34f1.chunk.min.html]
[sofiyansaboor.wixsite.com/excellence/rb_wixui.thunderbolt_bootstrap-classic.89bdd4d4.chunk.min.html]
[sofiyansaboor.wixsite.com/excellence/rb_wixui.thunderbolt_bootstrap-classic.eb6d72f5.chunk.min.html]
[sofiyansaboor.wixsite.com/excellence/rb_wixui.thunderbolt_bootstrap-responsive.a66c1914.chunk.min.html]
[sofiyansaboor.wixsite.com/excellence/rb_wixui.thunderbolt_bootstrap-responsive.57dff8a2.chunk.min.html]
[sofiyansaboor.wixsite.com/excellence/rb_wixui.thunderbolt_common-site-members-dialogs.e6a271c3.chunk.min.html]
[sofiyansaboor.wixsite.com/excellence/rb_wixui.thunderbolt_common-site-members-dialogs.11ecf12c.chunk.min.html]
[static.parastorage.com/services/pro-gallery-santa-wrapper/1.2488.0/media/emptystate.f4c750b6.svg]
[static.parastorage.com/services/pro-gallery-santa-wrapper/1.2488.0/media/emptystate.f4c750b6.svg]
